// Jest Snapshot v1, https://goo.gl/fbAQLP

exports[`Should render EditExpensePage 1`] = `
<div>
  <ExpenseForm
    expense={
      Object {
        "amount": 4500,
        "createdAt": 432000000,
        "description": "Credit Card",
        "id": "3",
        "notes": "",
      }
    }
    onSubmit={[Function]}
  />
  <button
    onClick={[Function]}
  >
    Delete Expense
  </button>
</div>
`;
