// Jest Snapshot v1, https://goo.gl/fbAQLP

exports[`Should render the NotFoundPage component 1`] = `
<div>
  <div
    className="page-header"
  >
    <div
      className="content-container"
    >
      <h1>
        404!
      </h1>
      <h2>
        No expenses or expense related things to be found here.
      </h2>
    </div>
  </div>
</div>
`;
